C51 COMPILER V8.02   STC_IT                                                                05/26/2018 15:21:27 PAGE 1   


C51 COMPILER V8.02, COMPILATION OF MODULE STC_IT
OBJECT MODULE PLACED IN ..\output\stc_it.obj
COMPILER INVOKED BY: D:\Program Files (x86)\Keil\C51\BIN\C51.EXE ..\Peripherals\src\stc_it.c BROWSE INCDIR(..\PERIPHERAL
                    -S\INC\) DEBUG OBJECTEXTEND PRINT(..\lis\stc_it.lst) OBJECT(..\output\stc_it.obj)

line level    source

   1          #include "stc_it.h"
   2          #include "usart.h"
   3          #include "delay.h"
   4          
   5          
   6          void TIME0_IRQHandler(void)interrupt 1  
   7          {
   8   1        if(Delay_count)
   9   1         Delay_count--;
  10   1        // LED_0 =!LED_0; 
  11   1      }
  12          //外部中断1
  13          void EXTI1_IRQHandler(void)interrupt 2
  14          {
  15   1      }
  16          //串口中断
  17          void USART_IRQHandler(void)interrupt 4
  18          {
  19   1              static uint8_t i=0,rebuf[3]={0};
  20   1              uint8_t sum=0;
  21   1          if(TI)//发送完成标志
  22   1              {
  23   2                TI=0;//清发送完成标志
  24   2                send_ok=0;//缓存标志置0 
  25   2              }
  26   1              if(RI)//接收完成标志
  27   1              {
  28   2                      rebuf[i++]=SBUF;
  29   2                      RI=0;//清中断接收标志
  30   2                      if(!(rebuf[0]==0xa5))//判断帧头
  31   2                      i=0;
  32   2                      if(i==3)
  33   2                      {
  34   3                              sum=rebuf[0]+rebuf[1];
  35   3                              if(sum==rebuf[2])
  36   3                              {
  37   4                              /*      if(rebuf[1]==0xbb)//校准指令
  38   4                                      {
  39   4                                              Calibration=1;
  40   4                                       
  41   4                                      }
  42   4                                      if(rebuf[1]==0x51)//读数据
  43   4                                      {
  44   4                                              Calibration=0;
  45   4                                              
  46   4                                      }       */
  47   4                              }
  48   3                              i=0;
  49   3                      }
  50   2              
  51   2              }
  52   1      
  53   1      }

C51 COMPILER V8.02   STC_IT                                                                05/26/2018 15:21:27 PAGE 2   


MODULE INFORMATION:   STATIC OVERLAYABLE
   CODE SIZE        =     89    ----
   CONSTANT SIZE    =   ----    ----
   XDATA SIZE       =   ----    ----
   PDATA SIZE       =   ----    ----
   DATA SIZE        =      4    ----
   IDATA SIZE       =   ----    ----
   BIT SIZE         =   ----    ----
END OF MODULE INFORMATION.


C51 COMPILATION COMPLETE.  0 WARNING(S),  0 ERROR(S)
